[2026-05-28 13:39:53 WRN] The WebRootPath was not found: D:\New Workspace\3_Dashboard\Backend\wwwroot. Static files may be unavailable.
[2026-05-28 13:39:53 INF] OU Dashboard Worker started. Scheduled daily at 06:00. Flag='Y'.
[2026-05-28 13:39:53 INF] Next run in 16h 20m → at 2026-05-29 06:00
[2026-05-28 13:39:53 WRN] The WebRootPath was not found: D:\New Workspace\3_Dashboard\Backend\wwwroot. Static files may be unavailable.
[2026-05-28 13:40:15 ERR] An unhandled exception has occurred while executing the request.
System.InvalidOperationException: OracleERP connection string missing.
   at Backend.OuDashboard.Data.OracleConnectionFactory..ctor(IConfiguration configuration) in D:\New Workspace\3_Dashboard\Backend\OuDashboard\Data\OracleConnectionFactory.cs:line 10
   at System.RuntimeMethodHandle.InvokeMethod(Object target, Void** arguments, Signature sig, Boolean isConstructor)
   at System.Reflection.MethodBaseInvoker.InvokeDirectByRefWithFewArgs(Object obj, Span`1 copyOfArgs, BindingFlags invokeAttr)
   at System.Reflection.MethodBaseInvoker.InvokeWithOneArg(Object obj, BindingFlags invokeAttr, Binder binder, Object[] parameters, CultureInfo culture)
   at System.Reflection.RuntimeConstructorInfo.Invoke(BindingFlags invokeAttr, Binder binder, Object[] parameters, CultureInfo culture)
   at Microsoft.Extensions.DependencyInjection.ServiceLookup.CallSiteRuntimeResolver.VisitConstructor(ConstructorCallSite constructorCallSite, RuntimeResolverContext context)
   at Microsoft.Extensions.DependencyInjection.ServiceLookup.CallSiteRuntimeResolver.VisitRootCache(ServiceCallSite callSite, RuntimeResolverContext context)
   at Microsoft.Extensions.DependencyInjection.ServiceLookup.CallSiteVisitor`2.VisitCallSite(ServiceCallSite callSite, TArgument argument)
   at Microsoft.Extensions.DependencyInjection.ServiceLookup.CallSiteRuntimeResolver.VisitConstructor(ConstructorCallSite constructorCallSite, RuntimeResolverContext context)
   at Microsoft.Extensions.DependencyInjection.ServiceLookup.CallSiteRuntimeResolver.VisitCache(ServiceCallSite callSite, RuntimeResolverContext context, ServiceProviderEngineScope serviceProviderEngine, RuntimeResolverLock lockType)
   at Microsoft.Extensions.DependencyInjection.ServiceLookup.CallSiteRuntimeResolver.VisitScopeCache(ServiceCallSite callSite, RuntimeResolverContext context)
   at Microsoft.Extensions.DependencyInjection.ServiceLookup.CallSiteVisitor`2.VisitCallSite(ServiceCallSite callSite, TArgument argument)
   at Microsoft.Extensions.DependencyInjection.ServiceLookup.CallSiteRuntimeResolver.Resolve(ServiceCallSite callSite, ServiceProviderEngineScope scope)
   at Microsoft.Extensions.DependencyInjection.ServiceLookup.DynamicServiceProviderEngine.<>c__DisplayClass2_0.<RealizeService>b__0(ServiceProviderEngineScope scope)
   at Microsoft.Extensions.DependencyInjection.ServiceProvider.GetService(ServiceIdentifier serviceIdentifier, ServiceProviderEngineScope serviceProviderEngineScope)
   at Microsoft.Extensions.DependencyInjection.ServiceLookup.ServiceProviderEngineScope.GetService(Type serviceType)
   at lambda_method10(Closure, IServiceProvider, Object[])
   at Microsoft.AspNetCore.Mvc.Controllers.ControllerFactoryProvider.<>c__DisplayClass6_0.<CreateControllerFactory>g__CreateController|0(ControllerContext controllerContext)
   at Microsoft.AspNetCore.Mvc.Infrastructure.ControllerActionInvoker.Next(State& next, Scope& scope, Object& state, Boolean& isCompleted)
   at Microsoft.AspNetCore.Mvc.Infrastructure.ControllerActionInvoker.InvokeInnerFilterAsync()
--- End of stack trace from previous location ---
   at Microsoft.AspNetCore.Mvc.Infrastructure.ResourceInvoker.<InvokeFilterPipelineAsync>g__Awaited|20_0(ResourceInvoker invoker, Task lastTask, State next, Scope scope, Object state, Boolean isCompleted)
   at Microsoft.AspNetCore.Mvc.Infrastructure.ResourceInvoker.<InvokeAsync>g__Awaited|17_0(ResourceInvoker invoker, Task task, IDisposable scope)
   at Microsoft.AspNetCore.Mvc.Infrastructure.ResourceInvoker.<InvokeAsync>g__Awaited|17_0(ResourceInvoker invoker, Task task, IDisposable scope)
   at Microsoft.AspNetCore.Authorization.AuthorizationMiddleware.Invoke(HttpContext context)
   at Swashbuckle.AspNetCore.SwaggerUI.SwaggerUIMiddleware.Invoke(HttpContext httpContext)
   at Swashbuckle.AspNetCore.Swagger.SwaggerMiddleware.Invoke(HttpContext httpContext, ISwaggerProvider swaggerProvider)
   at Microsoft.AspNetCore.Authentication.AuthenticationMiddleware.Invoke(HttpContext context)
   at Microsoft.AspNetCore.Diagnostics.DeveloperExceptionPageMiddlewareImpl.Invoke(HttpContext context)
[2026-05-28 13:53:05 WRN] The WebRootPath was not found: D:\New Workspace\3_Dashboard\Backend\wwwroot. Static files may be unavailable.
[2026-05-28 13:53:05 INF] OU Dashboard Worker started. Scheduled daily at 06:00. Flag='Y'.
[2026-05-28 13:53:05 INF] Next run in 16h 6m → at 2026-05-29 06:00
[2026-05-28 13:53:06 WRN] The WebRootPath was not found: D:\New Workspace\3_Dashboard\Backend\wwwroot. Static files may be unavailable.
[2026-05-28 13:53:26 INF] Manual migration triggered via API.
[2026-05-28 13:53:27 INF] Migration started — Procedure: JAN_GET_OU_SALES_PERFORMANCE | p_stk_tfr_flg: 'Y' | "2026-05-28T13:53:27.2425923+05:30"
[2026-05-28 13:53:57 INF] Oracle returned 10 OU rows (flag='Y').
[2026-05-28 13:53:58 INF] Truncated Jan_MIS_SalesData.
[2026-05-28 13:53:58 ERR] SQL Server insert failed. Table='Jan_MIS_SalesData'.
System.InvalidOperationException: The given ColumnName 'OuName,PrevFySaleAsOn,PrevFySaleCurrntMnth,CurrFySaleAsOn,CurrFySaleCurrntMnth,PrevFyPendAsOn,PrevFyPendCurrntMnth,CurrFyPendAsOn,CurrFyPendCurrntMnth,InvAmt,StockTransferFlag,MigratedAt,SnapshotDate' does not match up with any column in data source.
   at Microsoft.Data.SqlClient.SqlBulkCopy.AnalyzeTargetAndCreateUpdateBulkCommand(BulkCopySimpleResultSet internalResults, _SqlMetaDataSet metaDataSet)
   at Microsoft.Data.SqlClient.SqlBulkCopy.WriteToServerInternalRestContinuedAsync(BulkCopySimpleResultSet internalResults, CancellationToken cts, TaskCompletionSource`1 source)
--- End of stack trace from previous location ---
   at Backend.OuDashboard.Services.DashboardMigrationService.TruncateAndBulkInsertAsync(List`1 records, CancellationToken ct) in D:\New Workspace\3_Dashboard\Backend\OuDashboard\Services\DashboardMigrationService.cs:line 182
   at Backend.OuDashboard.Services.DashboardMigrationService.TruncateAndBulkInsertAsync(List`1 records, CancellationToken ct) in D:\New Workspace\3_Dashboard\Backend\OuDashboard\Services\DashboardMigrationService.cs:line 184
   at Backend.OuDashboard.Services.DashboardMigrationService.ExecuteAsync(CancellationToken ct) in D:\New Workspace\3_Dashboard\Backend\OuDashboard\Services\DashboardMigrationService.cs:line 64
[2026-05-28 13:54:06 WRN] Manual migration failed: The given ColumnName 'OuName,PrevFySaleAsOn,PrevFySaleCurrntMnth,CurrFySaleAsOn,CurrFySaleCurrntMnth,PrevFyPendAsOn,PrevFyPendCurrntMnth,CurrFyPendAsOn,CurrFyPendCurrntMnth,InvAmt,StockTransferFlag,MigratedAt,SnapshotDate' does not match up with any column in data source.
[2026-05-28 14:06:40 INF] Manual migration triggered via API.
[2026-05-28 14:06:43 INF] Migration started — Procedure: JAN_GET_OU_SALES_PERFORMANCE | p_stk_tfr_flg: 'Y' | "2026-05-28T14:06:43.7313524+05:30"
[2026-05-28 14:07:45 INF] Oracle returned 10 OU rows (flag='Y').
[2026-05-28 14:08:01 INF] Truncated Jan_MIS_SalesData.
[2026-05-28 14:11:53 ERR] SQL Server insert failed. Table='Jan_MIS_SalesData'.
System.Threading.Tasks.TaskCanceledException: A task was canceled.
   at Backend.OuDashboard.Services.DashboardMigrationService.TruncateAndBulkInsertAsync(List`1 records, CancellationToken ct)
   at Backend.OuDashboard.Services.DashboardMigrationService.TruncateAndBulkInsertAsync(List`1 records, CancellationToken ct)
   at Backend.OuDashboard.Services.DashboardMigrationService.ExecuteAsync(CancellationToken ct)
[2026-05-28 14:11:53 WRN] Manual migration failed: A task was canceled.
[2026-05-28 14:12:08 INF] Manual migration triggered via API.
[2026-05-28 14:12:08 INF] Migration started — Procedure: JAN_GET_OU_SALES_PERFORMANCE | p_stk_tfr_flg: 'Y' | "2026-05-28T14:12:08.1955232+05:30"
[2026-05-28 14:12:29 INF] Oracle returned 10 OU rows (flag='Y').
[2026-05-28 14:12:30 INF] Truncated Jan_MIS_SalesData.
[2026-05-28 14:12:31 INF] Migration complete — 10 rows → Jan_MIS_SalesData.
[2026-05-28 14:12:31 INF] Manual migration completed: 10 rows migrated.
[2026-05-28 14:22:30 WRN] The WebRootPath was not found: D:\New Workspace\3_Dashboard\Backend\wwwroot. Static files may be unavailable.
[2026-05-28 14:22:31 INF] OU Dashboard Worker started. Scheduled daily at 06:00. Flag='Y'.
[2026-05-28 14:22:31 INF] Next run in 15h 37m → at 2026-05-29 06:00
[2026-05-28 14:22:31 WRN] The WebRootPath was not found: D:\New Workspace\3_Dashboard\Backend\wwwroot. Static files may be unavailable.
[2026-05-28 14:22:43 INF] Manual migration triggered via API.
[2026-05-28 14:22:43 INF] === MIGRATION ORCHESTRATION START ===
[2026-05-28 14:22:43 INF] Migration started — Procedure: JAN_GET_OU_SALES_PERFORMANCE | Mode: Both Flags (Y + N) | "2026-05-28T14:22:43.3266609+05:30"
[2026-05-28 14:22:59 INF] Starting extraction from Oracle for StockTransferFlag: 'Y'
[2026-05-28 14:23:15 INF] Fetched 10 records from Oracle for Flag 'Y'
[2026-05-28 14:23:36 INF] Cleared historical rows matching STK_TFR_FLG = 'Y' from Jan_MIS_SalesData.
[2026-05-28 14:24:12 INF] Starting extraction from Oracle for StockTransferFlag: 'N'
[2026-05-28 14:24:35 INF] Fetched 10 records from Oracle for Flag 'N'
[2026-05-28 14:24:45 INF] Cleared historical rows matching STK_TFR_FLG = 'N' from Jan_MIS_SalesData.
[2026-05-28 14:25:39 INF] Manual migration completed: 20 rows migrated.
